exports[`enabling bookie button is disabled for the range with a gap 1`] = `"<div class=\"bookie-container\"><ul class=\"pick-day\"><li class=\"disabled\"><a>&lt;&lt;</a></li><li class=\"current disabled\"><a>01/01/2017</a></li><li class=\"disabled\"><a>01/02/2017</a></li><li class=\"disabled\"><a>01/03/2017</a></li><li class=\"disabled\"><a>01/04/2017</a></li><li class=\"disabled\"><a>&gt;&gt;</a></li></ul><ul class=\"pick-minutes\"><li class=\"disabled\"><a>00</a></li><li class=\"disabled\"><a>15</a></li><li class=\"current disabled\"><a>30</a></li><li class=\"disabled\"><a>45</a></li></ul><ul class=\"pick-hour\"><li class=\"disabled\"><a>&lt;&lt;</a></li><li class=\"current disabled\"><a>4pm</a></li><li class=\"disabled\"><a>5pm</a></li><li class=\"disabled\"><a>6pm</a></li><li class=\"disabled\"><a>7pm</a></li><li class=\"disabled\"><a>&gt;&gt;</a></li></ul><div class=\"range\"><span class=\"pick start picking\">01-01 4pm:30</span><span> — </span><span class=\"pick end\">01-01 6pm:15</span></div><div class=\"text-center\"><button disabled=\"\" type=\"button\" class=\"btn btn-default\">Book</button></div></div>"`;

exports[`enabling bookie button is enabled for valid range 1`] = `"<div class=\"bookie-container\"><ul class=\"pick-day\"><li class=\"disabled\"><a>&lt;&lt;</a></li><li class=\"current disabled\"><a>01/01/2017</a></li><li class=\"disabled\"><a>01/02/2017</a></li><li class=\"disabled\"><a>01/03/2017</a></li><li class=\"disabled\"><a>01/04/2017</a></li><li class=\"disabled\"><a>&gt;&gt;</a></li></ul><ul class=\"pick-minutes\"><li class=\"disabled\"><a>00</a></li><li class=\"current disabled\"><a>15</a></li><li class=\"disabled\"><a>30</a></li><li class=\"disabled\"><a>45</a></li></ul><ul class=\"pick-hour\"><li class=\"disabled\"><a>&lt;&lt;</a></li><li class=\"disabled\"><a>5pm</a></li><li class=\"current disabled\"><a>6pm</a></li><li class=\"disabled\"><a>7pm</a></li><li class=\"disabled\"><a>8pm</a></li><li class=\"disabled\"><a>&gt;&gt;</a></li></ul><div class=\"range\"><span class=\"pick start picking\">01-01 6pm:15</span><span> — </span><span class=\"pick end\">01-01 7pm:00</span></div><div class=\"text-center\"><button type=\"button\" class=\"btn btn-default\">Book</button></div></div>"`;
